MPLINK 4.49, Linker
Linker Map File - Created Mon Nov 26 16:22:39 2018

                                 Section Info
                  Section       Type    Address   Location Size(Bytes)
                ---------  ---------  ---------  ---------  ---------
                   .org_0       code   0x000000    program   0x000000
                   .org_1       code   0x000000    program   0x0000ae
   .config_2007_DENEY-5.O       code   0x002007    program   0x000002



                              Program Memory Usage 
                               Start         End      
                           ---------   ---------      
                            0x000000    0x000056      
                            0x002007    0x002007      
            88 out of 8454 program addresses used, program memory utilization is 1%



                              Symbols - Sorted by Name
                     Name    Address   Location    Storage File                     
                ---------  ---------  ---------  --------- ---------                
                ANA_METOT   0x000001    program     static D:\mikroislemciler\2018GuzDonemi\5.deney\deney-5.asm
              ARTMA_METOT   0x00002e    program     static D:\mikroislemciler\2018GuzDonemi\5.deney\deney-5.asm
            AZALTMA_METOT   0x000040    program     static D:\mikroislemciler\2018GuzDonemi\5.deney\deney-5.asm
            DEGER_ARTIR_1   0x00003a    program     static D:\mikroislemciler\2018GuzDonemi\5.deney\deney-5.asm
            DEGER_ARTIR_2   0x00003d    program     static D:\mikroislemciler\2018GuzDonemi\5.deney\deney-5.asm
                  GECIKME   0x00004e    program     static D:\mikroislemciler\2018GuzDonemi\5.deney\deney-5.asm
                  KONTROL   0x000029    program     static D:\mikroislemciler\2018GuzDonemi\5.deney\deney-5.asm
                  TEKRAR1   0x000050    program     static D:\mikroislemciler\2018GuzDonemi\5.deney\deney-5.asm
                  TEKRAR2   0x000052    program     static D:\mikroislemciler\2018GuzDonemi\5.deney\deney-5.asm



                              Symbols - Sorted by Address
                     Name    Address   Location    Storage File                     
                ---------  ---------  ---------  --------- ---------                
                ANA_METOT   0x000001    program     static D:\mikroislemciler\2018GuzDonemi\5.deney\deney-5.asm
                  KONTROL   0x000029    program     static D:\mikroislemciler\2018GuzDonemi\5.deney\deney-5.asm
              ARTMA_METOT   0x00002e    program     static D:\mikroislemciler\2018GuzDonemi\5.deney\deney-5.asm
            DEGER_ARTIR_1   0x00003a    program     static D:\mikroislemciler\2018GuzDonemi\5.deney\deney-5.asm
            DEGER_ARTIR_2   0x00003d    program     static D:\mikroislemciler\2018GuzDonemi\5.deney\deney-5.asm
            AZALTMA_METOT   0x000040    program     static D:\mikroislemciler\2018GuzDonemi\5.deney\deney-5.asm
                  GECIKME   0x00004e    program     static D:\mikroislemciler\2018GuzDonemi\5.deney\deney-5.asm
                  TEKRAR1   0x000050    program     static D:\mikroislemciler\2018GuzDonemi\5.deney\deney-5.asm
                  TEKRAR2   0x000052    program     static D:\mikroislemciler\2018GuzDonemi\5.deney\deney-5.asm


